// Jest Snapshot v1, https://goo.gl/fbAQLP

exports[`App should render 1`] = `
preact-render-spy (1 nodes)
-------
<div
  id="app"
  class="app"
>
  <header>
    <h1>UltraVest Assistant</h1>
    <p>
      Calculate investment and water required to fill a flask and a kiln program to burn it out.
      <input
        type="submit"
        value="Calculate"
       />
      </input>
    </p>
  </header>
  <main>
    <article class="flask">
      <h2>Flask</h2>
      <label for="flask-preset">Preset</label>
      <select
        name="flask-preset"
        value="3.5 X 10"
        onChange={[Function anonymous]}
      >
        <option selected={false}>3.5 X 5</option>
        <option selected={true}>3.5 X 10</option>
        <option selected={false}>4 x 10</option>
      </select>
      <label for="flask-diameter">Diameter (in)</label>
      <input
        name="flask-diameter"
        type="number"
        value={3.5}
        onChange={[Function anonymous]}
       />
      </input>
      <label for="flask-height">Height (in)</label>
      <input
        name="flask-height"
        type="number"
        value={10}
        onChange={[Function anonymous]}
       />
      </input>
    </article>
    <article class="investment">
      <h2>Investment</h2>
      <label for="investment-ratio-preset">Ratio (W:P)</label>
      <select
        name="investment-ratio-preset"
        value="40/100"
        onChange={[Function anonymous]}
      >
        <option selected={false}>38/100</option>
        <option selected={false}>39/100</option>
        <option selected={true}>40/100</option>
        <option selected={false}>41/100</option>
        <option selected={false}>42/100</option>
      </select>
    </article>
    <article class="burnout">
      <h2>Burnout</h2>
      <dl>
        <dt>Preset</dt>
        <dd>
          4 X 8 in
          <span class="longest">longest</span>
        </dd>
        <dt>Time</dt>
        <dd>15 hours</dd>
      </dl>
    </article>
  </main>
  <aside>
    <section class="summary">
      <h3>Summary</h3>
      <dl>
        <dt>Flask</dt>
        <dd>3.5 X 10 in</dd>
        <dt>Investment</dt>
        <dd>40/100 W:P</dd>
        <dt>Burnout</dt>
        <dd>4 X 8, 15 hours</dd>
      </dl>
    </section>
  </aside>
</div>

`;
