// Jest Snapshot v1, https://goo.gl/fbAQLP

exports[`Flask should render 1`] = `
preact-render-spy (1 nodes)
-------
<section class="flask">
  <h2>Flask</h2>
  <label for="flask-diameter">Diameter (in)</label>
  <input
    name="flask-diameter"
    type="number"
    onChange={[Function anonymous]}
   />
  </input>
  <label for="flask-height">Height (in)</label>
  <input
    name="flask-height"
    type="number"
    onChange={[Function anonymous]}
   />
  </input>
</section>

`;
