// Jest Snapshot v1, https://goo.gl/fbAQLP

exports[`Investment should render 1`] = `
preact-render-spy (1 nodes)
-------
<article class="investment">
  <h2>investment</h2>
  <label for="investment-ratio">
    ratio
    <select
      name="investment-ratio"
      class="investmentRatio"
      value="test preset"
      onChange={[Function mockConstructor]}
    >
      <option selected={true}>test preset</option>
    </select>
  </label>
  <output>
    <dl>
      <dt>investment</dt>
      <dd>158</dd>
    </dl>
    <dl>
      <dt>water</dt>
      <dd>264</dd>
    </dl>
  </output>
</article>

`;
